Archive member included to satisfy reference by file (symbol)

C:/avr/bin/../lib/gcc/avr/15.2.0/../../../../avr/lib/avr5\libprintf_flt.a(vfprintf_flt.o)
                              (vfprintf)
C:/avr/bin/../lib/gcc/avr/15.2.0/avr5\libgcc.a(_negsi2.o)
                              C:/avr/bin/../lib/gcc/avr/15.2.0/../../../../avr/lib/avr5\libprintf_flt.a(vfprintf_flt.o) (__negsi2)
C:/avr/bin/../lib/gcc/avr/15.2.0/avr5\libgcc.a(_exit.o)
                              C:/avr/bin/../lib/gcc/avr/15.2.0/../../../../avr/lib/avr5/crtatmega328p.o (exit)
C:/avr/bin/../lib/gcc/avr/15.2.0/avr5\libgcc.a(_copy_data.o)
                              src/main.o (__do_copy_data)
C:/avr/bin/../lib/gcc/avr/15.2.0/avr5\libgcc.a(_clear_bss.o)
                              src/includes/millis.o (__do_clear_bss)
C:/avr/bin/../lib/gcc/avr/15.2.0/avr5\libgcc.a(_prologue.o)
                              C:/avr/bin/../lib/gcc/avr/15.2.0/../../../../avr/lib/avr5\libprintf_flt.a(vfprintf_flt.o) (__prologue_saves__)
C:/avr/bin/../lib/gcc/avr/15.2.0/avr5\libgcc.a(_epilogue.o)
                              C:/avr/bin/../lib/gcc/avr/15.2.0/../../../../avr/lib/avr5\libprintf_flt.a(vfprintf_flt.o) (__epilogue_restores__)
C:/avr/bin/../lib/gcc/avr/15.2.0/../../../../avr/lib/avr5\libm.a(addsf3.o)
                              src/main.o (__subsf3)
C:/avr/bin/../lib/gcc/avr/15.2.0/../../../../avr/lib/avr5\libm.a(addsf3x.o)
                              C:/avr/bin/../lib/gcc/avr/15.2.0/../../../../avr/lib/avr5\libm.a(addsf3.o) (__addsf3x)
C:/avr/bin/../lib/gcc/avr/15.2.0/../../../../avr/lib/avr5\libm.a(divsf3.o)
                              src/main.o (__divsf3)
C:/avr/bin/../lib/gcc/avr/15.2.0/../../../../avr/lib/avr5\libm.a(divsf3x.o)
                              C:/avr/bin/../lib/gcc/avr/15.2.0/../../../../avr/lib/avr5\libm.a(divsf3.o) (__divsf3x)
C:/avr/bin/../lib/gcc/avr/15.2.0/../../../../avr/lib/avr5\libm.a(fixsfsi.o)
                              src/main.o (__fixsfsi)
C:/avr/bin/../lib/gcc/avr/15.2.0/../../../../avr/lib/avr5\libm.a(fixunssfsi.o)
                              C:/avr/bin/../lib/gcc/avr/15.2.0/../../../../avr/lib/avr5\libm.a(fixsfsi.o) (__fixunssfsi)
C:/avr/bin/../lib/gcc/avr/15.2.0/../../../../avr/lib/avr5\libm.a(floatsisf.o)
                              src/main.o (__floatunsisf)
C:/avr/bin/../lib/gcc/avr/15.2.0/../../../../avr/lib/avr5\libm.a(fp_inf.o)
                              C:/avr/bin/../lib/gcc/avr/15.2.0/../../../../avr/lib/avr5\libm.a(addsf3x.o) (__fp_inf)
C:/avr/bin/../lib/gcc/avr/15.2.0/../../../../avr/lib/avr5\libm.a(fp_nan.o)
                              C:/avr/bin/../lib/gcc/avr/15.2.0/../../../../avr/lib/avr5\libm.a(addsf3x.o) (__fp_nan)
C:/avr/bin/../lib/gcc/avr/15.2.0/../../../../avr/lib/avr5\libm.a(fp_pscA.o)
                              C:/avr/bin/../lib/gcc/avr/15.2.0/../../../../avr/lib/avr5\libm.a(addsf3x.o) (__fp_pscA)
C:/avr/bin/../lib/gcc/avr/15.2.0/../../../../avr/lib/avr5\libm.a(fp_pscB.o)
                              C:/avr/bin/../lib/gcc/avr/15.2.0/../../../../avr/lib/avr5\libm.a(addsf3x.o) (__fp_pscB)
C:/avr/bin/../lib/gcc/avr/15.2.0/../../../../avr/lib/avr5\libm.a(fp_round.o)
                              C:/avr/bin/../lib/gcc/avr/15.2.0/../../../../avr/lib/avr5\libm.a(addsf3.o) (__fp_round)
C:/avr/bin/../lib/gcc/avr/15.2.0/../../../../avr/lib/avr5\libm.a(fp_split3.o)
                              C:/avr/bin/../lib/gcc/avr/15.2.0/../../../../avr/lib/avr5\libm.a(addsf3x.o) (__fp_split3)
C:/avr/bin/../lib/gcc/avr/15.2.0/../../../../avr/lib/avr5\libm.a(fp_zero.o)
                              C:/avr/bin/../lib/gcc/avr/15.2.0/../../../../avr/lib/avr5\libm.a(addsf3x.o) (__fp_zero)
C:/avr/bin/../lib/gcc/avr/15.2.0/../../../../avr/lib/avr5\libm.a(log.o)
                              src/main.o (log)
C:/avr/bin/../lib/gcc/avr/15.2.0/../../../../avr/lib/avr5\libm.a(mulsf3.o)
                              src/main.o (__mulsf3)
C:/avr/bin/../lib/gcc/avr/15.2.0/../../../../avr/lib/avr5\libm.a(mulsf3x.o)
                              C:/avr/bin/../lib/gcc/avr/15.2.0/../../../../avr/lib/avr5\libm.a(log.o) (__mulsf3x)
C:/avr/bin/../lib/gcc/avr/15.2.0/../../../../avr/lib/avr5\libm.a(fp_mpack.o)
                              C:/avr/bin/../lib/gcc/avr/15.2.0/../../../../avr/lib/avr5\libm.a(log.o) (__fp_mpack)
C:/avr/bin/../lib/gcc/avr/15.2.0/../../../../avr/lib/avr5\libm.a(fp_powser.o)
                              C:/avr/bin/../lib/gcc/avr/15.2.0/../../../../avr/lib/avr5\libm.a(log.o) (__fp_powser)
C:/avr/bin/../lib/gcc/avr/15.2.0/../../../../avr/lib/avr5\libc.a(rand.o)
                              src/main.o (srand)
C:/avr/bin/../lib/gcc/avr/15.2.0/../../../../avr/lib/avr5\libc.a(ftoa_engine.o)
                              C:/avr/bin/../lib/gcc/avr/15.2.0/../../../../avr/lib/avr5\libprintf_flt.a(vfprintf_flt.o) (__ftoa_engine)
C:/avr/bin/../lib/gcc/avr/15.2.0/../../../../avr/lib/avr5\libc.a(strnlen_P.o)
                              C:/avr/bin/../lib/gcc/avr/15.2.0/../../../../avr/lib/avr5\libprintf_flt.a(vfprintf_flt.o) (strnlen_P)
C:/avr/bin/../lib/gcc/avr/15.2.0/../../../../avr/lib/avr5\libc.a(strnlen.o)
                              C:/avr/bin/../lib/gcc/avr/15.2.0/../../../../avr/lib/avr5\libprintf_flt.a(vfprintf_flt.o) (strnlen)
C:/avr/bin/../lib/gcc/avr/15.2.0/../../../../avr/lib/avr5\libc.a(fputc.o)
                              C:/avr/bin/../lib/gcc/avr/15.2.0/../../../../avr/lib/avr5\libprintf_flt.a(vfprintf_flt.o) (fputc)
C:/avr/bin/../lib/gcc/avr/15.2.0/../../../../avr/lib/avr5\libc.a(iob.o)
                              src/includes/uart.o (__iob)
C:/avr/bin/../lib/gcc/avr/15.2.0/../../../../avr/lib/avr5\libc.a(printf.o)
                              src/main.o (printf)
C:/avr/bin/../lib/gcc/avr/15.2.0/../../../../avr/lib/avr5\libc.a(ultoa_invert.o)
                              C:/avr/bin/../lib/gcc/avr/15.2.0/../../../../avr/lib/avr5\libprintf_flt.a(vfprintf_flt.o) (__ultoa_invert)
C:/avr/bin/../lib/gcc/avr/15.2.0/../../../../avr/lib/avr5\libc.a(time.o)
                              src/main.o (time)
C:/avr/bin/../lib/gcc/avr/15.2.0/../../../../avr/lib/avr5\libc.a(system_time.o)
                              C:/avr/bin/../lib/gcc/avr/15.2.0/../../../../avr/lib/avr5\libc.a(time.o) (__system_time)
C:/avr/bin/../lib/gcc/avr/15.2.0/avr5\libgcc.a(_divmodsi4.o)
                              C:/avr/bin/../lib/gcc/avr/15.2.0/../../../../avr/lib/avr5\libc.a(rand.o) (__divmodsi4)
C:/avr/bin/../lib/gcc/avr/15.2.0/avr5\libgcc.a(_muluhisi3.o)
                              C:/avr/bin/../lib/gcc/avr/15.2.0/../../../../avr/lib/avr5\libc.a(rand.o) (__muluhisi3)
C:/avr/bin/../lib/gcc/avr/15.2.0/avr5\libgcc.a(_mulshisi3.o)
                              C:/avr/bin/../lib/gcc/avr/15.2.0/../../../../avr/lib/avr5\libc.a(rand.o) (__mulohisi3)
C:/avr/bin/../lib/gcc/avr/15.2.0/avr5\libgcc.a(_umulhisi3.o)
                              C:/avr/bin/../lib/gcc/avr/15.2.0/avr5\libgcc.a(_muluhisi3.o) (__umulhisi3)
C:/avr/bin/../lib/gcc/avr/15.2.0/avr5\libgcc.a(_udivmodsi4.o)
                              C:/avr/bin/../lib/gcc/avr/15.2.0/avr5\libgcc.a(_divmodsi4.o) (__udivmodsi4)

There are no discarded input sections

Memory Configuration

Name             Origin             Length             Attributes
text             0x00000000         0x00008000         xr
data             0x00800100         0x00000800         rw!x
eeprom           0x00810000         0x00000400         rw!x
fuse             0x00820000         0x00000003         rw!x
lock             0x00830000         0x00000400         rw!x
signature        0x00840000         0x00000400         rw!x
user_signatures  0x00850000         0x00000400         rw!x
*default*        0x00000000         0xffffffff

Linker script and memory map

Address of section .data set to 0x800100
LOAD C:/avr/bin/../lib/gcc/avr/15.2.0/../../../../avr/lib/avr5/crtatmega328p.o
LOAD C:/avr/bin/../lib/gcc/avr/15.2.0/../../../../avr/lib/avr5\libprintf_flt.a
LOAD C:/avr/bin/../lib/gcc/avr/15.2.0/../../../../avr/lib/avr5\libm.a
LOAD src/main.o
LOAD src/includes/millis.o
LOAD src/includes/uart.o
LOAD src/includes/analogRead.o
START GROUP
LOAD C:/avr/bin/../lib/gcc/avr/15.2.0/avr5\libgcc.a
LOAD C:/avr/bin/../lib/gcc/avr/15.2.0/../../../../avr/lib/avr5\libm.a
LOAD C:/avr/bin/../lib/gcc/avr/15.2.0/../../../../avr/lib/avr5\libc.a
LOAD C:/avr/bin/../lib/gcc/avr/15.2.0/../../../../avr/lib/avr5\libatmega328p.a
END GROUP
                [0x00000000]                      __TEXT_REGION_ORIGIN__ = DEFINED (__TEXT_REGION_ORIGIN__)?__TEXT_REGION_ORIGIN__:0x0
                [0x00008000]                      __TEXT_REGION_LENGTH__ = DEFINED (__TEXT_REGION_LENGTH__)?__TEXT_REGION_LENGTH__:0x20000
                [0x00800100]                      __DATA_REGION_ORIGIN__ = DEFINED (__DATA_REGION_ORIGIN__)?__DATA_REGION_ORIGIN__:0x800060
                [0x00000800]                      __DATA_REGION_LENGTH__ = DEFINED (__DATA_REGION_LENGTH__)?__DATA_REGION_LENGTH__:0xffa0
                [0x00000400]                      __EEPROM_REGION_LENGTH__ = DEFINED (__EEPROM_REGION_LENGTH__)?__EEPROM_REGION_LENGTH__:0x10000
                [0x00000003]                      __FUSE_REGION_LENGTH__ = DEFINED (__FUSE_REGION_LENGTH__)?__FUSE_REGION_LENGTH__:0x400
                0x00000400                        __LOCK_REGION_LENGTH__ = DEFINED (__LOCK_REGION_LENGTH__)?__LOCK_REGION_LENGTH__:0x400
                0x00000400                        __SIGNATURE_REGION_LENGTH__ = DEFINED (__SIGNATURE_REGION_LENGTH__)?__SIGNATURE_REGION_LENGTH__:0x400
                0x00000400                        __USER_SIGNATURE_REGION_LENGTH__ = DEFINED (__USER_SIGNATURE_REGION_LENGTH__)?__USER_SIGNATURE_REGION_LENGTH__:0x400

.hash
 *(.hash)

.dynsym
 *(.dynsym)

.dynstr
 *(.dynstr)

.gnu.version
 *(.gnu.version)

.gnu.version_d
 *(.gnu.version_d)

.gnu.version_r
 *(.gnu.version_r)

.rel.init
 *(.rel.init)

.rela.init
 *(.rela.init)

.rel.text
 *(.rel.text)
 *(.rel.text.*)
 *(.rel.gnu.linkonce.t*)

.rela.text
 *(.rela.text)
 *(.rela.text.*)
 *(.rela.gnu.linkonce.t*)

.rel.fini
 *(.rel.fini)

.rela.fini
 *(.rela.fini)

.rel.rodata
 *(.rel.rodata)
 *(.rel.rodata.*)
 *(.rel.gnu.linkonce.r*)

.rela.rodata
 *(.rela.rodata)
 *(.rela.rodata.*)
 *(.rela.gnu.linkonce.r*)

.rel.data
 *(.rel.data)
 *(.rel.data.*)
 *(.rel.gnu.linkonce.d*)

.rela.data
 *(.rela.data)
 *(.rela.data.*)
 *(.rela.gnu.linkonce.d*)

.rel.ctors
 *(.rel.ctors)

.rela.ctors
 *(.rela.ctors)

.rel.dtors
 *(.rel.dtors)

.rela.dtors
 *(.rela.dtors)

.rel.got
 *(.rel.got)

.rela.got
 *(.rela.got)

.rel.bss
 *(.rel.bss)

.rela.bss
 *(.rela.bss)

.rel.plt
 *(.rel.plt)

.rela.plt
 *(.rela.plt)

.text           0x00000000     0x16ec
 *(.vectors)
 .vectors       0x00000000       0x68 C:/avr/bin/../lib/gcc/avr/15.2.0/../../../../avr/lib/avr5/crtatmega328p.o
                0x00000000                __vector_default
                0x00000000                __vectors
 *(.vectors)
                0x00000068                        __progmem_start = .
 *(.progmem)
 *(.progmem.*)
 .progmem.data  0x00000068        0x8 C:/avr/bin/../lib/gcc/avr/15.2.0/../../../../avr/lib/avr5\libprintf_flt.a(vfprintf_flt.o)
                0x00000070                        __progmem_end = .
                0x00000001                        ASSERT (((__progmem_start == __progmem_end) || (__progmem_end <= 0x10000)), .progmem section exceeds 0x10000)
                0x00000070                        . = ALIGN (0x2)
                0x00000070                        __trampolines_start = .
 *(.trampolines)
 .trampolines   0x00000070        0x0 linker stubs
 *(.trampolines*)
                0x00000070                        __trampolines_end = .
                0x00000070                        . = ALIGN (0x2)
 *(.lowtext)
 *(.lowtext*)
                0x00000070                        __ctors_start = .
 *(.ctors)
                0x00000070                        __ctors_end = .
                0x00000070                        __dtors_start = .
 *(.dtors)
                0x00000070                        __dtors_end = .
 SORT_BY_NAME(*)(.ctors)
 SORT_BY_NAME(*)(.dtors)
 *(.init0)
 .init0         0x00000070        0x0 C:/avr/bin/../lib/gcc/avr/15.2.0/../../../../avr/lib/avr5/crtatmega328p.o
                0x00000070                __init
 *(.init0)
 *(.init1)
 *(.init1)
 *(.init2)
 .init2         0x00000070        0xc C:/avr/bin/../lib/gcc/avr/15.2.0/../../../../avr/lib/avr5/crtatmega328p.o
 *(.init2)
 *(.init3)
 *(.init3)
 *(.init4)
 .init4         0x0000007c       0x16 C:/avr/bin/../lib/gcc/avr/15.2.0/avr5\libgcc.a(_copy_data.o)
                0x0000007c                __do_copy_data
 .init4         0x00000092       0x10 C:/avr/bin/../lib/gcc/avr/15.2.0/avr5\libgcc.a(_clear_bss.o)
                0x00000092                __do_clear_bss
 *(.init4)
 *(.init5)
 *(.init5)
 *(.init6)
 *(.init6)
 *(.init7)
 *(.init7)
 *(.init8)
 *(.init8)
 *(.init9)
 .init9         0x000000a2        0x8 C:/avr/bin/../lib/gcc/avr/15.2.0/../../../../avr/lib/avr5/crtatmega328p.o
 *(.init9)
 *(.text)
 .text          0x000000aa        0x4 C:/avr/bin/../lib/gcc/avr/15.2.0/../../../../avr/lib/avr5/crtatmega328p.o
                0x000000aa                __vector_22
                0x000000aa                __vector_1
                0x000000aa                __vector_24
                0x000000aa                __vector_12
                0x000000aa                __bad_interrupt
                0x000000aa                __vector_6
                0x000000aa                __vector_3
                0x000000aa                __vector_23
                0x000000aa                __vector_25
                0x000000aa                __vector_11
                0x000000aa                __vector_13
                0x000000aa                __vector_17
                0x000000aa                __vector_19
                0x000000aa                __vector_5
                0x000000aa                __vector_4
                0x000000aa                __vector_9
                0x000000aa                __vector_2
                0x000000aa                __vector_21
                0x000000aa                __vector_15
                0x000000aa                __vector_8
                0x000000aa                __vector_14
                0x000000aa                __vector_10
                0x000000aa                __vector_16
                0x000000aa                __vector_18
                0x000000aa                __vector_20
 .text          0x000000ae        0x0 C:/avr/bin/../lib/gcc/avr/15.2.0/../../../../avr/lib/avr5\libprintf_flt.a(vfprintf_flt.o)
 .text          0x000000ae        0x0 src/main.o
 .text          0x000000ae      0x132 src/includes/millis.o
                0x000000ae                millis_init
                0x000000c6                millis_get
                0x000000de                millis_resume
                0x000000f2                millis_pause
                0x00000106                millis_reset
                0x0000011e                millis_add
                0x00000152                millis_subtract
                0x0000019a                __vector_7
 .text          0x000001e0       0x72 src/includes/uart.o
                0x000001e0                uart_putchar
                0x00000202                uart_getchar
                0x00000212                uart_init
                0x00000234                init_serial
 .text          0x00000252       0x90 src/includes/analogRead.o
                0x00000252                analogRead
 .text          0x000002e2        0x0 C:/avr/bin/../lib/gcc/avr/15.2.0/avr5\libgcc.a(_negsi2.o)
 .text          0x000002e2        0x0 C:/avr/bin/../lib/gcc/avr/15.2.0/avr5\libgcc.a(_exit.o)
 .text          0x000002e2        0x0 C:/avr/bin/../lib/gcc/avr/15.2.0/avr5\libgcc.a(_copy_data.o)
 .text          0x000002e2        0x0 C:/avr/bin/../lib/gcc/avr/15.2.0/avr5\libgcc.a(_clear_bss.o)
 .text          0x000002e2        0x0 C:/avr/bin/../lib/gcc/avr/15.2.0/avr5\libgcc.a(_prologue.o)
 .text          0x000002e2        0x0 C:/avr/bin/../lib/gcc/avr/15.2.0/avr5\libgcc.a(_epilogue.o)
 .text          0x000002e2        0x0 C:/avr/bin/../lib/gcc/avr/15.2.0/../../../../avr/lib/avr5\libm.a(addsf3.o)
 .text          0x000002e2        0x0 C:/avr/bin/../lib/gcc/avr/15.2.0/../../../../avr/lib/avr5\libm.a(addsf3x.o)
 .text          0x000002e2        0x0 C:/avr/bin/../lib/gcc/avr/15.2.0/../../../../avr/lib/avr5\libm.a(divsf3.o)
 .text          0x000002e2        0x0 C:/avr/bin/../lib/gcc/avr/15.2.0/../../../../avr/lib/avr5\libm.a(divsf3x.o)
 .text          0x000002e2        0x0 C:/avr/bin/../lib/gcc/avr/15.2.0/../../../../avr/lib/avr5\libm.a(fixsfsi.o)
 .text          0x000002e2        0x0 C:/avr/bin/../lib/gcc/avr/15.2.0/../../../../avr/lib/avr5\libm.a(fixunssfsi.o)
 .text          0x000002e2        0x0 C:/avr/bin/../lib/gcc/avr/15.2.0/../../../../avr/lib/avr5\libm.a(floatsisf.o)
 .text          0x000002e2        0x0 C:/avr/bin/../lib/gcc/avr/15.2.0/../../../../avr/lib/avr5\libm.a(fp_inf.o)
 .text          0x000002e2        0x0 C:/avr/bin/../lib/gcc/avr/15.2.0/../../../../avr/lib/avr5\libm.a(fp_nan.o)
 .text          0x000002e2        0x0 C:/avr/bin/../lib/gcc/avr/15.2.0/../../../../avr/lib/avr5\libm.a(fp_pscA.o)
 .text          0x000002e2        0x0 C:/avr/bin/../lib/gcc/avr/15.2.0/../../../../avr/lib/avr5\libm.a(fp_pscB.o)
 .text          0x000002e2        0x0 C:/avr/bin/../lib/gcc/avr/15.2.0/../../../../avr/lib/avr5\libm.a(fp_round.o)
 .text          0x000002e2        0x0 C:/avr/bin/../lib/gcc/avr/15.2.0/../../../../avr/lib/avr5\libm.a(fp_split3.o)
 .text          0x000002e2        0x0 C:/avr/bin/../lib/gcc/avr/15.2.0/../../../../avr/lib/avr5\libm.a(fp_zero.o)
 .text          0x000002e2        0x0 C:/avr/bin/../lib/gcc/avr/15.2.0/../../../../avr/lib/avr5\libm.a(log.o)
 .text          0x000002e2        0x0 C:/avr/bin/../lib/gcc/avr/15.2.0/../../../../avr/lib/avr5\libm.a(mulsf3.o)
 .text          0x000002e2        0x0 C:/avr/bin/../lib/gcc/avr/15.2.0/../../../../avr/lib/avr5\libm.a(mulsf3x.o)
 .text          0x000002e2        0x0 C:/avr/bin/../lib/gcc/avr/15.2.0/../../../../avr/lib/avr5\libm.a(fp_mpack.o)
 .text          0x000002e2        0x0 C:/avr/bin/../lib/gcc/avr/15.2.0/../../../../avr/lib/avr5\libm.a(fp_powser.o)
 .text          0x000002e2        0x0 C:/avr/bin/../lib/gcc/avr/15.2.0/../../../../avr/lib/avr5\libc.a(rand.o)
 .text          0x000002e2        0x0 C:/avr/bin/../lib/gcc/avr/15.2.0/../../../../avr/lib/avr5\libc.a(ftoa_engine.o)
 .text          0x000002e2        0x0 C:/avr/bin/../lib/gcc/avr/15.2.0/../../../../avr/lib/avr5\libc.a(strnlen_P.o)
 .text          0x000002e2        0x0 C:/avr/bin/../lib/gcc/avr/15.2.0/../../../../avr/lib/avr5\libc.a(strnlen.o)
 .text          0x000002e2        0x0 C:/avr/bin/../lib/gcc/avr/15.2.0/../../../../avr/lib/avr5\libc.a(fputc.o)
 .text          0x000002e2        0x0 C:/avr/bin/../lib/gcc/avr/15.2.0/../../../../avr/lib/avr5\libc.a(iob.o)
 .text          0x000002e2        0x0 C:/avr/bin/../lib/gcc/avr/15.2.0/../../../../avr/lib/avr5\libc.a(printf.o)
 .text          0x000002e2        0x0 C:/avr/bin/../lib/gcc/avr/15.2.0/../../../../avr/lib/avr5\libc.a(ultoa_invert.o)
 .text          0x000002e2        0x0 C:/avr/bin/../lib/gcc/avr/15.2.0/../../../../avr/lib/avr5\libc.a(time.o)
 .text          0x000002e2        0x0 C:/avr/bin/../lib/gcc/avr/15.2.0/../../../../avr/lib/avr5\libc.a(system_time.o)
 .text          0x000002e2        0x0 C:/avr/bin/../lib/gcc/avr/15.2.0/avr5\libgcc.a(_divmodsi4.o)
 .text          0x000002e2        0x0 C:/avr/bin/../lib/gcc/avr/15.2.0/avr5\libgcc.a(_muluhisi3.o)
 .text          0x000002e2        0x0 C:/avr/bin/../lib/gcc/avr/15.2.0/avr5\libgcc.a(_mulshisi3.o)
 .text          0x000002e2        0x0 C:/avr/bin/../lib/gcc/avr/15.2.0/avr5\libgcc.a(_umulhisi3.o)
 .text          0x000002e2        0x0 C:/avr/bin/../lib/gcc/avr/15.2.0/avr5\libgcc.a(_udivmodsi4.o)
                0x000002e2                        . = ALIGN (0x2)
 *(.text.*)
 .text.avr-libc
                0x000002e2      0x708 C:/avr/bin/../lib/gcc/avr/15.2.0/../../../../avr/lib/avr5\libprintf_flt.a(vfprintf_flt.o)
                0x000002e2                vfprintf
 .text.startup  0x000009ea      0x128 src/main.o
                0x000009ea                main
 .text.libgcc.mul
                0x00000b12        0x0 C:/avr/bin/../lib/gcc/avr/15.2.0/avr5\libgcc.a(_negsi2.o)
 .text.libgcc.div
                0x00000b12       0x10 C:/avr/bin/../lib/gcc/avr/15.2.0/avr5\libgcc.a(_negsi2.o)
                0x00000b12                __negsi2
 .text.libgcc   0x00000b22        0x0 C:/avr/bin/../lib/gcc/avr/15.2.0/avr5\libgcc.a(_negsi2.o)
 .text.libgcc.prologue
                0x00000b22        0x0 C:/avr/bin/../lib/gcc/avr/15.2.0/avr5\libgcc.a(_negsi2.o)
 .text.libgcc.builtins
                0x00000b22        0x0 C:/avr/bin/../lib/gcc/avr/15.2.0/avr5\libgcc.a(_negsi2.o)
 .text.libgcc.fmul
                0x00000b22        0x0 C:/avr/bin/../lib/gcc/avr/15.2.0/avr5\libgcc.a(_negsi2.o)
 .text.libgcc.fixed
                0x00000b22        0x0 C:/avr/bin/../lib/gcc/avr/15.2.0/avr5\libgcc.a(_negsi2.o)
 .text.libgcc.mul
                0x00000b22        0x0 C:/avr/bin/../lib/gcc/avr/15.2.0/avr5\libgcc.a(_exit.o)
 .text.libgcc.div
                0x00000b22        0x0 C:/avr/bin/../lib/gcc/avr/15.2.0/avr5\libgcc.a(_exit.o)
 .text.libgcc   0x00000b22        0x0 C:/avr/bin/../lib/gcc/avr/15.2.0/avr5\libgcc.a(_exit.o)
 .text.libgcc.prologue
                0x00000b22        0x0 C:/avr/bin/../lib/gcc/avr/15.2.0/avr5\libgcc.a(_exit.o)
 .text.libgcc.builtins
                0x00000b22        0x0 C:/avr/bin/../lib/gcc/avr/15.2.0/avr5\libgcc.a(_exit.o)
 .text.libgcc.fmul
                0x00000b22        0x0 C:/avr/bin/../lib/gcc/avr/15.2.0/avr5\libgcc.a(_exit.o)
 .text.libgcc.fixed
                0x00000b22        0x0 C:/avr/bin/../lib/gcc/avr/15.2.0/avr5\libgcc.a(_exit.o)
 .text.libgcc.mul
                0x00000b22        0x0 C:/avr/bin/../lib/gcc/avr/15.2.0/avr5\libgcc.a(_copy_data.o)
 .text.libgcc.div
                0x00000b22        0x0 C:/avr/bin/../lib/gcc/avr/15.2.0/avr5\libgcc.a(_copy_data.o)
 .text.libgcc   0x00000b22        0x0 C:/avr/bin/../lib/gcc/avr/15.2.0/avr5\libgcc.a(_copy_data.o)
 .text.libgcc.prologue
                0x00000b22        0x0 C:/avr/bin/../lib/gcc/avr/15.2.0/avr5\libgcc.a(_copy_data.o)
 .text.libgcc.builtins
                0x00000b22        0x0 C:/avr/bin/../lib/gcc/avr/15.2.0/avr5\libgcc.a(_copy_data.o)
 .text.libgcc.fmul
                0x00000b22        0x0 C:/avr/bin/../lib/gcc/avr/15.2.0/avr5\libgcc.a(_copy_data.o)
 .text.libgcc.fixed
                0x00000b22        0x0 C:/avr/bin/../lib/gcc/avr/15.2.0/avr5\libgcc.a(_copy_data.o)
 .text.libgcc.mul
                0x00000b22        0x0 C:/avr/bin/../lib/gcc/avr/15.2.0/avr5\libgcc.a(_clear_bss.o)
 .text.libgcc.div
                0x00000b22        0x0 C:/avr/bin/../lib/gcc/avr/15.2.0/avr5\libgcc.a(_clear_bss.o)
 .text.libgcc   0x00000b22        0x0 C:/avr/bin/../lib/gcc/avr/15.2.0/avr5\libgcc.a(_clear_bss.o)
 .text.libgcc.prologue
                0x00000b22        0x0 C:/avr/bin/../lib/gcc/avr/15.2.0/avr5\libgcc.a(_clear_bss.o)
 .text.libgcc.builtins
                0x00000b22        0x0 C:/avr/bin/../lib/gcc/avr/15.2.0/avr5\libgcc.a(_clear_bss.o)
 .text.libgcc.fmul
                0x00000b22        0x0 C:/avr/bin/../lib/gcc/avr/15.2.0/avr5\libgcc.a(_clear_bss.o)
 .text.libgcc.fixed
                0x00000b22        0x0 C:/avr/bin/../lib/gcc/avr/15.2.0/avr5\libgcc.a(_clear_bss.o)
 .text.libgcc.mul
                0x00000b22        0x0 C:/avr/bin/../lib/gcc/avr/15.2.0/avr5\libgcc.a(_prologue.o)
 .text.libgcc.div
                0x00000b22        0x0 C:/avr/bin/../lib/gcc/avr/15.2.0/avr5\libgcc.a(_prologue.o)
 .text.libgcc   0x00000b22        0x0 C:/avr/bin/../lib/gcc/avr/15.2.0/avr5\libgcc.a(_prologue.o)
 .text.libgcc.prologue
                0x00000b22       0x38 C:/avr/bin/../lib/gcc/avr/15.2.0/avr5\libgcc.a(_prologue.o)
                0x00000b22                __prologue_saves__
 .text.libgcc.builtins
                0x00000b5a        0x0 C:/avr/bin/../lib/gcc/avr/15.2.0/avr5\libgcc.a(_prologue.o)
 .text.libgcc.fmul
                0x00000b5a        0x0 C:/avr/bin/../lib/gcc/avr/15.2.0/avr5\libgcc.a(_prologue.o)
 .text.libgcc.fixed
                0x00000b5a        0x0 C:/avr/bin/../lib/gcc/avr/15.2.0/avr5\libgcc.a(_prologue.o)
 .text.libgcc.mul
                0x00000b5a        0x0 C:/avr/bin/../lib/gcc/avr/15.2.0/avr5\libgcc.a(_epilogue.o)
 .text.libgcc.div
                0x00000b5a        0x0 C:/avr/bin/../lib/gcc/avr/15.2.0/avr5\libgcc.a(_epilogue.o)
 .text.libgcc   0x00000b5a        0x0 C:/avr/bin/../lib/gcc/avr/15.2.0/avr5\libgcc.a(_epilogue.o)
 .text.libgcc.prologue
                0x00000b5a       0x36 C:/avr/bin/../lib/gcc/avr/15.2.0/avr5\libgcc.a(_epilogue.o)
                0x00000b5a                __epilogue_restores__
 .text.libgcc.builtins
                0x00000b90        0x0 C:/avr/bin/../lib/gcc/avr/15.2.0/avr5\libgcc.a(_epilogue.o)
 .text.libgcc.fmul
                0x00000b90        0x0 C:/avr/bin/../lib/gcc/avr/15.2.0/avr5\libgcc.a(_epilogue.o)
 .text.libgcc.fixed
                0x00000b90        0x0 C:/avr/bin/../lib/gcc/avr/15.2.0/avr5\libgcc.a(_epilogue.o)
 .text.avr-libc.fplib
                0x00000b90        0xe C:/avr/bin/../lib/gcc/avr/15.2.0/../../../../avr/lib/avr5\libm.a(addsf3.o)
                0x00000b90                __subsf3
                0x00000b92                __addsf3
 .text.avr-libc.fplib
                0x00000b9e       0xcc C:/avr/bin/../lib/gcc/avr/15.2.0/../../../../avr/lib/avr5\libm.a(addsf3x.o)
                0x00000bc0                __addsf3x
 .text.avr-libc.fplib
                0x00000c6a        0x8 C:/avr/bin/../lib/gcc/avr/15.2.0/../../../../avr/lib/avr5\libm.a(divsf3.o)
                0x00000c6a                __divsf3
 .text.avr-libc.fplib
                0x00000c72       0xdc C:/avr/bin/../lib/gcc/avr/15.2.0/../../../../avr/lib/avr5\libm.a(divsf3x.o)
                0x00000c92                __divsf3x
                0x00000c98                __divsf3_pse
 .text.avr-libc.fplib
                0x00000d4e        0xe C:/avr/bin/../lib/gcc/avr/15.2.0/../../../../avr/lib/avr5\libm.a(fixsfsi.o)
                0x00000d4e                __fixsfsi
 .text.avr-libc.fplib
                0x00000d5c       0x5e C:/avr/bin/../lib/gcc/avr/15.2.0/../../../../avr/lib/avr5\libm.a(fixunssfsi.o)
                0x00000d5c                __fixunssfsi
 .text.avr-libc.fplib
                0x00000dba       0x7a C:/avr/bin/../lib/gcc/avr/15.2.0/../../../../avr/lib/avr5\libm.a(floatsisf.o)
                0x00000dba                __floatunsisf
                0x00000dbe                __floatsisf
 .text.avr-libc.fplib
                0x00000e34        0xc C:/avr/bin/../lib/gcc/avr/15.2.0/../../../../avr/lib/avr5\libm.a(fp_inf.o)
                0x00000e34                __fp_inf
 .text.avr-libc.fplib
                0x00000e40        0x6 C:/avr/bin/../lib/gcc/avr/15.2.0/../../../../avr/lib/avr5\libm.a(fp_nan.o)
                0x00000e40                __fp_nan
 .text.avr-libc.fplib
                0x00000e46        0xe C:/avr/bin/../lib/gcc/avr/15.2.0/../../../../avr/lib/avr5\libm.a(fp_pscA.o)
                0x00000e46                __fp_pscA
 .text.avr-libc.fplib
                0x00000e54        0xe C:/avr/bin/../lib/gcc/avr/15.2.0/../../../../avr/lib/avr5\libm.a(fp_pscB.o)
                0x00000e54                __fp_pscB
 .text.avr-libc.fplib
                0x00000e62       0x22 C:/avr/bin/../lib/gcc/avr/15.2.0/../../../../avr/lib/avr5\libm.a(fp_round.o)
                0x00000e62                __fp_round
 .text.avr-libc.fplib
                0x00000e84       0x44 C:/avr/bin/../lib/gcc/avr/15.2.0/../../../../avr/lib/avr5\libm.a(fp_split3.o)
                0x00000e84                __fp_split3
                0x00000e94                __fp_splitA
 .text.avr-libc.fplib
                0x00000ec8        0xe C:/avr/bin/../lib/gcc/avr/15.2.0/../../../../avr/lib/avr5\libm.a(fp_zero.o)
                0x00000ec8                __fp_zero
                0x00000eca                __fp_szero
 .text.avr-libc.fplib
                0x00000ed6       0xa0 C:/avr/bin/../lib/gcc/avr/15.2.0/../../../../avr/lib/avr5\libm.a(log.o)
                0x00000ee6                logf
                0x00000ee6                log
 .text.avr-libc.fplib
                0x00000f76        0x8 C:/avr/bin/../lib/gcc/avr/15.2.0/../../../../avr/lib/avr5\libm.a(mulsf3.o)
                0x00000f76                __mulsf3
 .text.avr-libc.fplib
                0x00000f7e       0xd2 C:/avr/bin/../lib/gcc/avr/15.2.0/../../../../avr/lib/avr5\libm.a(mulsf3x.o)
                0x00000f9c                __mulsf3x
                0x00000fa2                __mulsf3_pse
 .text.avr-libc.fplib
                0x00001050       0x1c C:/avr/bin/../lib/gcc/avr/15.2.0/../../../../avr/lib/avr5\libm.a(fp_mpack.o)
                0x00001050                __fp_mpack
                0x00001054                __fp_mpack_finite
 .text.avr-libc.fplib
                0x0000106c       0x4e C:/avr/bin/../lib/gcc/avr/15.2.0/../../../../avr/lib/avr5\libm.a(fp_powser.o)
                0x0000106c                __fp_powser
 .text.avr-libc
                0x000010ba       0xb8 C:/avr/bin/../lib/gcc/avr/15.2.0/../../../../avr/lib/avr5\libc.a(rand.o)
                0x00001150                rand_r
                0x00001156                rand
                0x00001160                srand
 .text.avr-libc
                0x00001172      0x1b0 C:/avr/bin/../lib/gcc/avr/15.2.0/../../../../avr/lib/avr5\libc.a(ftoa_engine.o)
                0x00001172                __ftoa_engine
 .text.avr-libc
                0x00001322       0x16 C:/avr/bin/../lib/gcc/avr/15.2.0/../../../../avr/lib/avr5\libc.a(strnlen_P.o)
                0x00001322                strnlen_P
 .text.avr-libc
                0x00001338       0x16 C:/avr/bin/../lib/gcc/avr/15.2.0/../../../../avr/lib/avr5\libc.a(strnlen.o)
                0x00001338                strnlen
 .text.avr-libc
                0x0000134e       0x82 C:/avr/bin/../lib/gcc/avr/15.2.0/../../../../avr/lib/avr5\libc.a(fputc.o)
                0x0000134e                fputc
 .text.avr-libc
                0x000013d0       0x2c C:/avr/bin/../lib/gcc/avr/15.2.0/../../../../avr/lib/avr5\libc.a(printf.o)
                0x000013d0                printf
 .text.avr-libc
                0x000013fc       0xbc C:/avr/bin/../lib/gcc/avr/15.2.0/../../../../avr/lib/avr5\libc.a(ultoa_invert.o)
                0x000013fc                __ultoa_invert
 .text.avr-libc
                0x000014b8       0x26 C:/avr/bin/../lib/gcc/avr/15.2.0/../../../../avr/lib/avr5\libc.a(time.o)
                0x000014b8                time
 .text.libgcc.mul
                0x000014de        0x0 C:/avr/bin/../lib/gcc/avr/15.2.0/avr5\libgcc.a(_divmodsi4.o)
 .text.libgcc.div
                0x000014de       0x2e C:/avr/bin/../lib/gcc/avr/15.2.0/avr5\libgcc.a(_divmodsi4.o)
                0x000014de                __divmodsi4
 .text.libgcc   0x0000150c        0x0 C:/avr/bin/../lib/gcc/avr/15.2.0/avr5\libgcc.a(_divmodsi4.o)
 .text.libgcc.prologue
                0x0000150c        0x0 C:/avr/bin/../lib/gcc/avr/15.2.0/avr5\libgcc.a(_divmodsi4.o)
 .text.libgcc.builtins
                0x0000150c        0x0 C:/avr/bin/../lib/gcc/avr/15.2.0/avr5\libgcc.a(_divmodsi4.o)
 .text.libgcc.fmul
                0x0000150c        0x0 C:/avr/bin/../lib/gcc/avr/15.2.0/avr5\libgcc.a(_divmodsi4.o)
 .text.libgcc.fixed
                0x0000150c        0x0 C:/avr/bin/../lib/gcc/avr/15.2.0/avr5\libgcc.a(_divmodsi4.o)
 .text.libgcc.mul
                0x0000150c       0x16 C:/avr/bin/../lib/gcc/avr/15.2.0/avr5\libgcc.a(_muluhisi3.o)
                0x0000150c                __muluhisi3
 .text.libgcc.div
                0x00001522        0x0 C:/avr/bin/../lib/gcc/avr/15.2.0/avr5\libgcc.a(_muluhisi3.o)
 .text.libgcc   0x00001522        0x0 C:/avr/bin/../lib/gcc/avr/15.2.0/avr5\libgcc.a(_muluhisi3.o)
 .text.libgcc.prologue
                0x00001522        0x0 C:/avr/bin/../lib/gcc/avr/15.2.0/avr5\libgcc.a(_muluhisi3.o)
 .text.libgcc.builtins
                0x00001522        0x0 C:/avr/bin/../lib/gcc/avr/15.2.0/avr5\libgcc.a(_muluhisi3.o)
 .text.libgcc.fmul
                0x00001522        0x0 C:/avr/bin/../lib/gcc/avr/15.2.0/avr5\libgcc.a(_muluhisi3.o)
 .text.libgcc.fixed
                0x00001522        0x0 C:/avr/bin/../lib/gcc/avr/15.2.0/avr5\libgcc.a(_muluhisi3.o)
 .text.libgcc.mul
                0x00001522       0x10 C:/avr/bin/../lib/gcc/avr/15.2.0/avr5\libgcc.a(_mulshisi3.o)
                0x00001522                __mulshisi3
                0x00001528                __mulohisi3
 .text.libgcc.div
                0x00001532        0x0 C:/avr/bin/../lib/gcc/avr/15.2.0/avr5\libgcc.a(_mulshisi3.o)
 .text.libgcc   0x00001532        0x0 C:/avr/bin/../lib/gcc/avr/15.2.0/avr5\libgcc.a(_mulshisi3.o)
 .text.libgcc.prologue
                0x00001532        0x0 C:/avr/bin/../lib/gcc/avr/15.2.0/avr5\libgcc.a(_mulshisi3.o)
 .text.libgcc.builtins
                0x00001532        0x0 C:/avr/bin/../lib/gcc/avr/15.2.0/avr5\libgcc.a(_mulshisi3.o)
 .text.libgcc.fmul
                0x00001532        0x0 C:/avr/bin/../lib/gcc/avr/15.2.0/avr5\libgcc.a(_mulshisi3.o)
 .text.libgcc.fixed
                0x00001532        0x0 C:/avr/bin/../lib/gcc/avr/15.2.0/avr5\libgcc.a(_mulshisi3.o)
 .text.libgcc.mul
                0x00001532       0x1e C:/avr/bin/../lib/gcc/avr/15.2.0/avr5\libgcc.a(_umulhisi3.o)
                0x00001532                __umulhisi3
 .text.libgcc.div
                0x00001550        0x0 C:/avr/bin/../lib/gcc/avr/15.2.0/avr5\libgcc.a(_umulhisi3.o)
 .text.libgcc   0x00001550        0x0 C:/avr/bin/../lib/gcc/avr/15.2.0/avr5\libgcc.a(_umulhisi3.o)
 .text.libgcc.prologue
                0x00001550        0x0 C:/avr/bin/../lib/gcc/avr/15.2.0/avr5\libgcc.a(_umulhisi3.o)
 .text.libgcc.builtins
                0x00001550        0x0 C:/avr/bin/../lib/gcc/avr/15.2.0/avr5\libgcc.a(_umulhisi3.o)
 .text.libgcc.fmul
                0x00001550        0x0 C:/avr/bin/../lib/gcc/avr/15.2.0/avr5\libgcc.a(_umulhisi3.o)
 .text.libgcc.fixed
                0x00001550        0x0 C:/avr/bin/../lib/gcc/avr/15.2.0/avr5\libgcc.a(_umulhisi3.o)
 .text.libgcc.mul
                0x00001550        0x0 C:/avr/bin/../lib/gcc/avr/15.2.0/avr5\libgcc.a(_udivmodsi4.o)
 .text.libgcc.div
                0x00001550       0x44 C:/avr/bin/../lib/gcc/avr/15.2.0/avr5\libgcc.a(_udivmodsi4.o)
                0x00001550                __udivmodsi4
 .text.libgcc   0x00001594        0x0 C:/avr/bin/../lib/gcc/avr/15.2.0/avr5\libgcc.a(_udivmodsi4.o)
 .text.libgcc.prologue
                0x00001594        0x0 C:/avr/bin/../lib/gcc/avr/15.2.0/avr5\libgcc.a(_udivmodsi4.o)
 .text.libgcc.builtins
                0x00001594        0x0 C:/avr/bin/../lib/gcc/avr/15.2.0/avr5\libgcc.a(_udivmodsi4.o)
 .text.libgcc.fmul
                0x00001594        0x0 C:/avr/bin/../lib/gcc/avr/15.2.0/avr5\libgcc.a(_udivmodsi4.o)
 .text.libgcc.fixed
                0x00001594        0x0 C:/avr/bin/../lib/gcc/avr/15.2.0/avr5\libgcc.a(_udivmodsi4.o)
                0x00001594                        . = ALIGN (0x2)
 *(.fini9)
 .fini9         0x00001594        0x0 C:/avr/bin/../lib/gcc/avr/15.2.0/avr5\libgcc.a(_exit.o)
                0x00001594                _exit
                0x00001594                exit
 *(.fini9)
 *(.fini8)
 *(.fini8)
 *(.fini7)
 *(.fini7)
 *(.fini6)
 *(.fini6)
 *(.fini5)
 *(.fini5)
 *(.fini4)
 *(.fini4)
 *(.fini3)
 *(.fini3)
 *(.fini2)
 *(.fini2)
 *(.fini1)
 *(.fini1)
 *(.fini0)
 .fini0         0x00001594        0x4 C:/avr/bin/../lib/gcc/avr/15.2.0/avr5\libgcc.a(_exit.o)
 *(.fini0)
 *(.hightext)
 *(.hightext*)
 *(.progmemx)
 *(.progmemx.*)
 .progmemx.gcc_fplib.log
                0x00001598       0x5a C:/avr/bin/../lib/gcc/avr/15.2.0/../../../../avr/lib/avr5\libm.a(log.o)
 .progmemx.data.ftoa_engine
                0x000015f2       0xfa C:/avr/bin/../lib/gcc/avr/15.2.0/../../../../avr/lib/avr5\libc.a(ftoa_engine.o)
                0x000016ec                        . = ALIGN (0x2)
 *(.jumptables)
 *(.jumptables*)
                0x000016ec                        _etext = .

.data           0x00800100       0x36 load address 0x000016ec
                0x00800100                        PROVIDE (__data_start = .)
 *(.data)
 .data          0x00800100        0x0 C:/avr/bin/../lib/gcc/avr/15.2.0/../../../../avr/lib/avr5/crtatmega328p.o
 .data          0x00800100        0x0 C:/avr/bin/../lib/gcc/avr/15.2.0/../../../../avr/lib/avr5\libprintf_flt.a(vfprintf_flt.o)
 .data          0x00800100        0x0 src/main.o
 .data          0x00800100        0x0 src/includes/millis.o
 .data          0x00800100       0x1c src/includes/uart.o
                0x00800100                uart_input
                0x0080010e                uart_output
 .data          0x0080011c        0x0 src/includes/analogRead.o
 .data          0x0080011c        0x0 C:/avr/bin/../lib/gcc/avr/15.2.0/avr5\libgcc.a(_negsi2.o)
 .data          0x0080011c        0x0 C:/avr/bin/../lib/gcc/avr/15.2.0/avr5\libgcc.a(_exit.o)
 .data          0x0080011c        0x0 C:/avr/bin/../lib/gcc/avr/15.2.0/avr5\libgcc.a(_copy_data.o)
 .data          0x0080011c        0x0 C:/avr/bin/../lib/gcc/avr/15.2.0/avr5\libgcc.a(_clear_bss.o)
 .data          0x0080011c        0x0 C:/avr/bin/../lib/gcc/avr/15.2.0/avr5\libgcc.a(_prologue.o)
 .data          0x0080011c        0x0 C:/avr/bin/../lib/gcc/avr/15.2.0/avr5\libgcc.a(_epilogue.o)
 .data          0x0080011c        0x0 C:/avr/bin/../lib/gcc/avr/15.2.0/../../../../avr/lib/avr5\libm.a(addsf3.o)
 .data          0x0080011c        0x0 C:/avr/bin/../lib/gcc/avr/15.2.0/../../../../avr/lib/avr5\libm.a(addsf3x.o)
 .data          0x0080011c        0x0 C:/avr/bin/../lib/gcc/avr/15.2.0/../../../../avr/lib/avr5\libm.a(divsf3.o)
 .data          0x0080011c        0x0 C:/avr/bin/../lib/gcc/avr/15.2.0/../../../../avr/lib/avr5\libm.a(divsf3x.o)
 .data          0x0080011c        0x0 C:/avr/bin/../lib/gcc/avr/15.2.0/../../../../avr/lib/avr5\libm.a(fixsfsi.o)
 .data          0x0080011c        0x0 C:/avr/bin/../lib/gcc/avr/15.2.0/../../../../avr/lib/avr5\libm.a(fixunssfsi.o)
 .data          0x0080011c        0x0 C:/avr/bin/../lib/gcc/avr/15.2.0/../../../../avr/lib/avr5\libm.a(floatsisf.o)
 .data          0x0080011c        0x0 C:/avr/bin/../lib/gcc/avr/15.2.0/../../../../avr/lib/avr5\libm.a(fp_inf.o)
 .data          0x0080011c        0x0 C:/avr/bin/../lib/gcc/avr/15.2.0/../../../../avr/lib/avr5\libm.a(fp_nan.o)
 .data          0x0080011c        0x0 C:/avr/bin/../lib/gcc/avr/15.2.0/../../../../avr/lib/avr5\libm.a(fp_pscA.o)
 .data          0x0080011c        0x0 C:/avr/bin/../lib/gcc/avr/15.2.0/../../../../avr/lib/avr5\libm.a(fp_pscB.o)
 .data          0x0080011c        0x0 C:/avr/bin/../lib/gcc/avr/15.2.0/../../../../avr/lib/avr5\libm.a(fp_round.o)
 .data          0x0080011c        0x0 C:/avr/bin/../lib/gcc/avr/15.2.0/../../../../avr/lib/avr5\libm.a(fp_split3.o)
 .data          0x0080011c        0x0 C:/avr/bin/../lib/gcc/avr/15.2.0/../../../../avr/lib/avr5\libm.a(fp_zero.o)
 .data          0x0080011c        0x0 C:/avr/bin/../lib/gcc/avr/15.2.0/../../../../avr/lib/avr5\libm.a(log.o)
 .data          0x0080011c        0x0 C:/avr/bin/../lib/gcc/avr/15.2.0/../../../../avr/lib/avr5\libm.a(mulsf3.o)
 .data          0x0080011c        0x0 C:/avr/bin/../lib/gcc/avr/15.2.0/../../../../avr/lib/avr5\libm.a(mulsf3x.o)
 .data          0x0080011c        0x0 C:/avr/bin/../lib/gcc/avr/15.2.0/../../../../avr/lib/avr5\libm.a(fp_mpack.o)
 .data          0x0080011c        0x0 C:/avr/bin/../lib/gcc/avr/15.2.0/../../../../avr/lib/avr5\libm.a(fp_powser.o)
 .data          0x0080011c        0x4 C:/avr/bin/../lib/gcc/avr/15.2.0/../../../../avr/lib/avr5\libc.a(rand.o)
 .data          0x00800120        0x0 C:/avr/bin/../lib/gcc/avr/15.2.0/../../../../avr/lib/avr5\libc.a(ftoa_engine.o)
 .data          0x00800120        0x0 C:/avr/bin/../lib/gcc/avr/15.2.0/../../../../avr/lib/avr5\libc.a(strnlen_P.o)
 .data          0x00800120        0x0 C:/avr/bin/../lib/gcc/avr/15.2.0/../../../../avr/lib/avr5\libc.a(strnlen.o)
 .data          0x00800120        0x0 C:/avr/bin/../lib/gcc/avr/15.2.0/../../../../avr/lib/avr5\libc.a(fputc.o)
 .data          0x00800120        0x0 C:/avr/bin/../lib/gcc/avr/15.2.0/../../../../avr/lib/avr5\libc.a(iob.o)
 .data          0x00800120        0x0 C:/avr/bin/../lib/gcc/avr/15.2.0/../../../../avr/lib/avr5\libc.a(printf.o)
 .data          0x00800120        0x0 C:/avr/bin/../lib/gcc/avr/15.2.0/../../../../avr/lib/avr5\libc.a(ultoa_invert.o)
 .data          0x00800120        0x0 C:/avr/bin/../lib/gcc/avr/15.2.0/../../../../avr/lib/avr5\libc.a(time.o)
 .data          0x00800120        0x0 C:/avr/bin/../lib/gcc/avr/15.2.0/../../../../avr/lib/avr5\libc.a(system_time.o)
 .data          0x00800120        0x0 C:/avr/bin/../lib/gcc/avr/15.2.0/avr5\libgcc.a(_divmodsi4.o)
 .data          0x00800120        0x0 C:/avr/bin/../lib/gcc/avr/15.2.0/avr5\libgcc.a(_muluhisi3.o)
 .data          0x00800120        0x0 C:/avr/bin/../lib/gcc/avr/15.2.0/avr5\libgcc.a(_mulshisi3.o)
 .data          0x00800120        0x0 C:/avr/bin/../lib/gcc/avr/15.2.0/avr5\libgcc.a(_umulhisi3.o)
 .data          0x00800120        0x0 C:/avr/bin/../lib/gcc/avr/15.2.0/avr5\libgcc.a(_udivmodsi4.o)
 *(.data*)
 *(.gnu.linkonce.d*)
 *(.rodata)
 *(.rodata*)
 .rodata.str1.1
                0x00800120       0x16 src/main.o
 *(.gnu.linkonce.r*)
                0x00800136                        . = ALIGN (0x2)
                0x00800136                        _edata = .
                0x00800136                        PROVIDE (__data_end = .)

.bss            0x00800136        0xe
                0x00800136                        PROVIDE (__bss_start = .)
 *(.bss)
 .bss           0x00800136        0x0 C:/avr/bin/../lib/gcc/avr/15.2.0/../../../../avr/lib/avr5/crtatmega328p.o
 .bss           0x00800136        0x0 C:/avr/bin/../lib/gcc/avr/15.2.0/../../../../avr/lib/avr5\libprintf_flt.a(vfprintf_flt.o)
 .bss           0x00800136        0x0 src/main.o
 .bss           0x00800136        0x4 src/includes/millis.o
 .bss           0x0080013a        0x0 src/includes/uart.o
 .bss           0x0080013a        0x0 src/includes/analogRead.o
 .bss           0x0080013a        0x0 C:/avr/bin/../lib/gcc/avr/15.2.0/avr5\libgcc.a(_negsi2.o)
 .bss           0x0080013a        0x0 C:/avr/bin/../lib/gcc/avr/15.2.0/avr5\libgcc.a(_exit.o)
 .bss           0x0080013a        0x0 C:/avr/bin/../lib/gcc/avr/15.2.0/avr5\libgcc.a(_copy_data.o)
 .bss           0x0080013a        0x0 C:/avr/bin/../lib/gcc/avr/15.2.0/avr5\libgcc.a(_clear_bss.o)
 .bss           0x0080013a        0x0 C:/avr/bin/../lib/gcc/avr/15.2.0/avr5\libgcc.a(_prologue.o)
 .bss           0x0080013a        0x0 C:/avr/bin/../lib/gcc/avr/15.2.0/avr5\libgcc.a(_epilogue.o)
 .bss           0x0080013a        0x0 C:/avr/bin/../lib/gcc/avr/15.2.0/../../../../avr/lib/avr5\libm.a(addsf3.o)
 .bss           0x0080013a        0x0 C:/avr/bin/../lib/gcc/avr/15.2.0/../../../../avr/lib/avr5\libm.a(addsf3x.o)
 .bss           0x0080013a        0x0 C:/avr/bin/../lib/gcc/avr/15.2.0/../../../../avr/lib/avr5\libm.a(divsf3.o)
 .bss           0x0080013a        0x0 C:/avr/bin/../lib/gcc/avr/15.2.0/../../../../avr/lib/avr5\libm.a(divsf3x.o)
 .bss           0x0080013a        0x0 C:/avr/bin/../lib/gcc/avr/15.2.0/../../../../avr/lib/avr5\libm.a(fixsfsi.o)
 .bss           0x0080013a        0x0 C:/avr/bin/../lib/gcc/avr/15.2.0/../../../../avr/lib/avr5\libm.a(fixunssfsi.o)
 .bss           0x0080013a        0x0 C:/avr/bin/../lib/gcc/avr/15.2.0/../../../../avr/lib/avr5\libm.a(floatsisf.o)
 .bss           0x0080013a        0x0 C:/avr/bin/../lib/gcc/avr/15.2.0/../../../../avr/lib/avr5\libm.a(fp_inf.o)
 .bss           0x0080013a        0x0 C:/avr/bin/../lib/gcc/avr/15.2.0/../../../../avr/lib/avr5\libm.a(fp_nan.o)
 .bss           0x0080013a        0x0 C:/avr/bin/../lib/gcc/avr/15.2.0/../../../../avr/lib/avr5\libm.a(fp_pscA.o)
 .bss           0x0080013a        0x0 C:/avr/bin/../lib/gcc/avr/15.2.0/../../../../avr/lib/avr5\libm.a(fp_pscB.o)
 .bss           0x0080013a        0x0 C:/avr/bin/../lib/gcc/avr/15.2.0/../../../../avr/lib/avr5\libm.a(fp_round.o)
 .bss           0x0080013a        0x0 C:/avr/bin/../lib/gcc/avr/15.2.0/../../../../avr/lib/avr5\libm.a(fp_split3.o)
 .bss           0x0080013a        0x0 C:/avr/bin/../lib/gcc/avr/15.2.0/../../../../avr/lib/avr5\libm.a(fp_zero.o)
 .bss           0x0080013a        0x0 C:/avr/bin/../lib/gcc/avr/15.2.0/../../../../avr/lib/avr5\libm.a(log.o)
 .bss           0x0080013a        0x0 C:/avr/bin/../lib/gcc/avr/15.2.0/../../../../avr/lib/avr5\libm.a(mulsf3.o)
 .bss           0x0080013a        0x0 C:/avr/bin/../lib/gcc/avr/15.2.0/../../../../avr/lib/avr5\libm.a(mulsf3x.o)
 .bss           0x0080013a        0x0 C:/avr/bin/../lib/gcc/avr/15.2.0/../../../../avr/lib/avr5\libm.a(fp_mpack.o)
 .bss           0x0080013a        0x0 C:/avr/bin/../lib/gcc/avr/15.2.0/../../../../avr/lib/avr5\libm.a(fp_powser.o)
 .bss           0x0080013a        0x0 C:/avr/bin/../lib/gcc/avr/15.2.0/../../../../avr/lib/avr5\libc.a(rand.o)
 .bss           0x0080013a        0x0 C:/avr/bin/../lib/gcc/avr/15.2.0/../../../../avr/lib/avr5\libc.a(ftoa_engine.o)
 .bss           0x0080013a        0x0 C:/avr/bin/../lib/gcc/avr/15.2.0/../../../../avr/lib/avr5\libc.a(strnlen_P.o)
 .bss           0x0080013a        0x0 C:/avr/bin/../lib/gcc/avr/15.2.0/../../../../avr/lib/avr5\libc.a(strnlen.o)
 .bss           0x0080013a        0x0 C:/avr/bin/../lib/gcc/avr/15.2.0/../../../../avr/lib/avr5\libc.a(fputc.o)
 .bss           0x0080013a        0x6 C:/avr/bin/../lib/gcc/avr/15.2.0/../../../../avr/lib/avr5\libc.a(iob.o)
                0x0080013a                __iob
 .bss           0x00800140        0x0 C:/avr/bin/../lib/gcc/avr/15.2.0/../../../../avr/lib/avr5\libc.a(printf.o)
 .bss           0x00800140        0x0 C:/avr/bin/../lib/gcc/avr/15.2.0/../../../../avr/lib/avr5\libc.a(ultoa_invert.o)
 .bss           0x00800140        0x0 C:/avr/bin/../lib/gcc/avr/15.2.0/../../../../avr/lib/avr5\libc.a(time.o)
 .bss           0x00800140        0x4 C:/avr/bin/../lib/gcc/avr/15.2.0/../../../../avr/lib/avr5\libc.a(system_time.o)
                0x00800140                __system_time
 .bss           0x00800144        0x0 C:/avr/bin/../lib/gcc/avr/15.2.0/avr5\libgcc.a(_divmodsi4.o)
 .bss           0x00800144        0x0 C:/avr/bin/../lib/gcc/avr/15.2.0/avr5\libgcc.a(_muluhisi3.o)
 .bss           0x00800144        0x0 C:/avr/bin/../lib/gcc/avr/15.2.0/avr5\libgcc.a(_mulshisi3.o)
 .bss           0x00800144        0x0 C:/avr/bin/../lib/gcc/avr/15.2.0/avr5\libgcc.a(_umulhisi3.o)
 .bss           0x00800144        0x0 C:/avr/bin/../lib/gcc/avr/15.2.0/avr5\libgcc.a(_udivmodsi4.o)
 *(.bss*)
 *(COMMON)
                0x00800144                        PROVIDE (__bss_end = .)
                0x000016ec                        __data_load_start = LOADADDR (.data)
                0x00001722                        __data_load_end = (__data_load_start + SIZEOF (.data))

.noinit         0x00800144        0x0
                [!provide]                        PROVIDE (__noinit_start = .)
 *(.noinit .noinit.* .gnu.linkonce.n.*)
                [!provide]                        PROVIDE (__noinit_end = .)
                0x00800144                        _end = .
                [!provide]                        PROVIDE (__heap_start = .)
                0x00000000                        __flmap_init_label = DEFINED (__flmap_noinit_start)?__flmap_noinit_start:0x0
                0x00000000                        __flmap = DEFINED (__flmap)?__flmap:0x0

.eeprom         0x00810000        0x0
 *(.eeprom*)
                0x00810000                        __eeprom_end = .

.fuse
 *(.fuse)
 *(.lfuse)
 *(.hfuse)
 *(.efuse)

.lock
 *(.lock*)

.signature
 *(.signature*)

.stab
 *(.stab)

.stabstr
 *(.stabstr)

.stab.excl
 *(.stab.excl)

.stab.exclstr
 *(.stab.exclstr)

.stab.index
 *(.stab.index)

.stab.indexstr
 *(.stab.indexstr)

.comment        0x00000000       0x12
 *(.comment)
 .comment       0x00000000       0x12 C:/avr/bin/../lib/gcc/avr/15.2.0/../../../../avr/lib/avr5\libprintf_flt.a(vfprintf_flt.o)
                                 0x13 (size before relaxing)
 .comment       0x00000012        0x0 src/main.o
                                 0x13 (size before relaxing)
 .comment       0x00000012        0x0 src/includes/millis.o
                                 0x13 (size before relaxing)
 .comment       0x00000012        0x0 src/includes/uart.o
                                 0x13 (size before relaxing)
 .comment       0x00000012        0x0 src/includes/analogRead.o
                                 0x13 (size before relaxing)
 .comment       0x00000012        0x0 C:/avr/bin/../lib/gcc/avr/15.2.0/../../../../avr/lib/avr5\libc.a(rand.o)
                                 0x13 (size before relaxing)
 .comment       0x00000012        0x0 C:/avr/bin/../lib/gcc/avr/15.2.0/../../../../avr/lib/avr5\libc.a(fputc.o)
                                 0x13 (size before relaxing)
 .comment       0x00000012        0x0 C:/avr/bin/../lib/gcc/avr/15.2.0/../../../../avr/lib/avr5\libc.a(iob.o)
                                 0x13 (size before relaxing)
 .comment       0x00000012        0x0 C:/avr/bin/../lib/gcc/avr/15.2.0/../../../../avr/lib/avr5\libc.a(printf.o)
                                 0x13 (size before relaxing)
 .comment       0x00000012        0x0 C:/avr/bin/../lib/gcc/avr/15.2.0/../../../../avr/lib/avr5\libc.a(time.o)
                                 0x13 (size before relaxing)
 .comment       0x00000012        0x0 C:/avr/bin/../lib/gcc/avr/15.2.0/../../../../avr/lib/avr5\libc.a(system_time.o)
                                 0x13 (size before relaxing)

.note.gnu.avr.deviceinfo
                0x00000000       0x40
 .note.gnu.avr.deviceinfo
                0x00000000       0x40 C:/avr/bin/../lib/gcc/avr/15.2.0/../../../../avr/lib/avr5/crtatmega328p.o

.gnu.build.attributes
 *(.gnu.build.attributes .gnu.build.attributes.*)

.note.gnu.build-id
 *(.note.gnu.build-id)

.debug
 *(.debug)

.line
 *(.line)

.debug_srcinfo
 *(.debug_srcinfo)

.debug_sfnames
 *(.debug_sfnames)

.debug_aranges  0x00000000      0x160
 *(.debug_aranges)
 .debug_aranges
                0x00000000       0x20 C:/avr/bin/../lib/gcc/avr/15.2.0/avr5\libgcc.a(_negsi2.o)
 .debug_aranges
                0x00000020       0x20 C:/avr/bin/../lib/gcc/avr/15.2.0/avr5\libgcc.a(_exit.o)
 .debug_aranges
                0x00000040       0x20 C:/avr/bin/../lib/gcc/avr/15.2.0/avr5\libgcc.a(_copy_data.o)
 .debug_aranges
                0x00000060       0x20 C:/avr/bin/../lib/gcc/avr/15.2.0/avr5\libgcc.a(_clear_bss.o)
 .debug_aranges
                0x00000080       0x20 C:/avr/bin/../lib/gcc/avr/15.2.0/avr5\libgcc.a(_prologue.o)
 .debug_aranges
                0x000000a0       0x20 C:/avr/bin/../lib/gcc/avr/15.2.0/avr5\libgcc.a(_epilogue.o)
 .debug_aranges
                0x000000c0       0x20 C:/avr/bin/../lib/gcc/avr/15.2.0/avr5\libgcc.a(_divmodsi4.o)
 .debug_aranges
                0x000000e0       0x20 C:/avr/bin/../lib/gcc/avr/15.2.0/avr5\libgcc.a(_muluhisi3.o)
 .debug_aranges
                0x00000100       0x20 C:/avr/bin/../lib/gcc/avr/15.2.0/avr5\libgcc.a(_mulshisi3.o)
 .debug_aranges
                0x00000120       0x20 C:/avr/bin/../lib/gcc/avr/15.2.0/avr5\libgcc.a(_umulhisi3.o)
 .debug_aranges
                0x00000140       0x20 C:/avr/bin/../lib/gcc/avr/15.2.0/avr5\libgcc.a(_udivmodsi4.o)

.debug_pubnames
 *(.debug_pubnames)

.debug_info     0x00000000      0x780
 *(.debug_info .gnu.linkonce.wi.*)
 .debug_info    0x00000000      0x5f4 C:/avr/bin/../lib/gcc/avr/15.2.0/../../../../avr/lib/avr5/crtatmega328p.o
 .debug_info    0x000005f4       0x24 C:/avr/bin/../lib/gcc/avr/15.2.0/avr5\libgcc.a(_negsi2.o)
 .debug_info    0x00000618       0x24 C:/avr/bin/../lib/gcc/avr/15.2.0/avr5\libgcc.a(_exit.o)
 .debug_info    0x0000063c       0x24 C:/avr/bin/../lib/gcc/avr/15.2.0/avr5\libgcc.a(_copy_data.o)
 .debug_info    0x00000660       0x24 C:/avr/bin/../lib/gcc/avr/15.2.0/avr5\libgcc.a(_clear_bss.o)
 .debug_info    0x00000684       0x24 C:/avr/bin/../lib/gcc/avr/15.2.0/avr5\libgcc.a(_prologue.o)
 .debug_info    0x000006a8       0x24 C:/avr/bin/../lib/gcc/avr/15.2.0/avr5\libgcc.a(_epilogue.o)
 .debug_info    0x000006cc       0x24 C:/avr/bin/../lib/gcc/avr/15.2.0/avr5\libgcc.a(_divmodsi4.o)
 .debug_info    0x000006f0       0x24 C:/avr/bin/../lib/gcc/avr/15.2.0/avr5\libgcc.a(_muluhisi3.o)
 .debug_info    0x00000714       0x24 C:/avr/bin/../lib/gcc/avr/15.2.0/avr5\libgcc.a(_mulshisi3.o)
 .debug_info    0x00000738       0x24 C:/avr/bin/../lib/gcc/avr/15.2.0/avr5\libgcc.a(_umulhisi3.o)
 .debug_info    0x0000075c       0x24 C:/avr/bin/../lib/gcc/avr/15.2.0/avr5\libgcc.a(_udivmodsi4.o)

.debug_abbrev   0x00000000      0x67e
 *(.debug_abbrev)
 .debug_abbrev  0x00000000      0x5a2 C:/avr/bin/../lib/gcc/avr/15.2.0/../../../../avr/lib/avr5/crtatmega328p.o
 .debug_abbrev  0x000005a2       0x14 C:/avr/bin/../lib/gcc/avr/15.2.0/avr5\libgcc.a(_negsi2.o)
 .debug_abbrev  0x000005b6       0x14 C:/avr/bin/../lib/gcc/avr/15.2.0/avr5\libgcc.a(_exit.o)
 .debug_abbrev  0x000005ca       0x14 C:/avr/bin/../lib/gcc/avr/15.2.0/avr5\libgcc.a(_copy_data.o)
 .debug_abbrev  0x000005de       0x14 C:/avr/bin/../lib/gcc/avr/15.2.0/avr5\libgcc.a(_clear_bss.o)
 .debug_abbrev  0x000005f2       0x14 C:/avr/bin/../lib/gcc/avr/15.2.0/avr5\libgcc.a(_prologue.o)
 .debug_abbrev  0x00000606       0x14 C:/avr/bin/../lib/gcc/avr/15.2.0/avr5\libgcc.a(_epilogue.o)
 .debug_abbrev  0x0000061a       0x14 C:/avr/bin/../lib/gcc/avr/15.2.0/avr5\libgcc.a(_divmodsi4.o)
 .debug_abbrev  0x0000062e       0x14 C:/avr/bin/../lib/gcc/avr/15.2.0/avr5\libgcc.a(_muluhisi3.o)
 .debug_abbrev  0x00000642       0x14 C:/avr/bin/../lib/gcc/avr/15.2.0/avr5\libgcc.a(_mulshisi3.o)
 .debug_abbrev  0x00000656       0x14 C:/avr/bin/../lib/gcc/avr/15.2.0/avr5\libgcc.a(_umulhisi3.o)
 .debug_abbrev  0x0000066a       0x14 C:/avr/bin/../lib/gcc/avr/15.2.0/avr5\libgcc.a(_udivmodsi4.o)

.debug_line     0x00000000      0x6e6
 *(.debug_line .debug_line.* .debug_line_end)
 .debug_line    0x00000000       0x1d C:/avr/bin/../lib/gcc/avr/15.2.0/../../../../avr/lib/avr5/crtatmega328p.o
 .debug_line    0x0000001d       0x51 C:/avr/bin/../lib/gcc/avr/15.2.0/avr5\libgcc.a(_negsi2.o)
 .debug_line    0x0000006e       0x51 C:/avr/bin/../lib/gcc/avr/15.2.0/avr5\libgcc.a(_exit.o)
 .debug_line    0x000000bf       0x87 C:/avr/bin/../lib/gcc/avr/15.2.0/avr5\libgcc.a(_copy_data.o)
 .debug_line    0x00000146       0x75 C:/avr/bin/../lib/gcc/avr/15.2.0/avr5\libgcc.a(_clear_bss.o)
 .debug_line    0x000001bb       0xed C:/avr/bin/../lib/gcc/avr/15.2.0/avr5\libgcc.a(_prologue.o)
 .debug_line    0x000002a8       0xe7 C:/avr/bin/../lib/gcc/avr/15.2.0/avr5\libgcc.a(_epilogue.o)
 .debug_line    0x0000038f       0xbd C:/avr/bin/../lib/gcc/avr/15.2.0/avr5\libgcc.a(_divmodsi4.o)
 .debug_line    0x0000044c       0x81 C:/avr/bin/../lib/gcc/avr/15.2.0/avr5\libgcc.a(_muluhisi3.o)
 .debug_line    0x000004cd       0x69 C:/avr/bin/../lib/gcc/avr/15.2.0/avr5\libgcc.a(_mulshisi3.o)
 .debug_line    0x00000536       0x9f C:/avr/bin/../lib/gcc/avr/15.2.0/avr5\libgcc.a(_umulhisi3.o)
 .debug_line    0x000005d5      0x111 C:/avr/bin/../lib/gcc/avr/15.2.0/avr5\libgcc.a(_udivmodsi4.o)

.debug_frame
 *(.debug_frame)

.debug_str      0x00000000      0x270
 *(.debug_str)
 .debug_str     0x00000000      0x208 C:/avr/bin/../lib/gcc/avr/15.2.0/../../../../avr/lib/avr5/crtatmega328p.o
 .debug_str     0x00000208       0x68 C:/avr/bin/../lib/gcc/avr/15.2.0/avr5\libgcc.a(_negsi2.o)
 .debug_str     0x00000270        0x0 C:/avr/bin/../lib/gcc/avr/15.2.0/avr5\libgcc.a(_exit.o)
                                 0x68 (size before relaxing)
 .debug_str     0x00000270        0x0 C:/avr/bin/../lib/gcc/avr/15.2.0/avr5\libgcc.a(_copy_data.o)
                                 0x68 (size before relaxing)
 .debug_str     0x00000270        0x0 C:/avr/bin/../lib/gcc/avr/15.2.0/avr5\libgcc.a(_clear_bss.o)
                                 0x68 (size before relaxing)
 .debug_str     0x00000270        0x0 C:/avr/bin/../lib/gcc/avr/15.2.0/avr5\libgcc.a(_prologue.o)
                                 0x68 (size before relaxing)
 .debug_str     0x00000270        0x0 C:/avr/bin/../lib/gcc/avr/15.2.0/avr5\libgcc.a(_epilogue.o)
                                 0x68 (size before relaxing)
 .debug_str     0x00000270        0x0 C:/avr/bin/../lib/gcc/avr/15.2.0/avr5\libgcc.a(_divmodsi4.o)
                                 0x68 (size before relaxing)
 .debug_str     0x00000270        0x0 C:/avr/bin/../lib/gcc/avr/15.2.0/avr5\libgcc.a(_muluhisi3.o)
                                 0x68 (size before relaxing)
 .debug_str     0x00000270        0x0 C:/avr/bin/../lib/gcc/avr/15.2.0/avr5\libgcc.a(_mulshisi3.o)
                                 0x68 (size before relaxing)
 .debug_str     0x00000270        0x0 C:/avr/bin/../lib/gcc/avr/15.2.0/avr5\libgcc.a(_umulhisi3.o)
                                 0x68 (size before relaxing)
 .debug_str     0x00000270        0x0 C:/avr/bin/../lib/gcc/avr/15.2.0/avr5\libgcc.a(_udivmodsi4.o)
                                 0x68 (size before relaxing)

.debug_loc
 *(.debug_loc)

.debug_macinfo
 *(.debug_macinfo)

.debug_weaknames
 *(.debug_weaknames)

.debug_funcnames
 *(.debug_funcnames)

.debug_typenames
 *(.debug_typenames)

.debug_varnames
 *(.debug_varnames)

.debug_pubtypes
 *(.debug_pubtypes)

.debug_ranges
 *(.debug_ranges)

.debug_addr
 *(.debug_addr)

.debug_line_str
                0x00000000       0x5c
 *(.debug_line_str)
 .debug_line_str
                0x00000000       0x5c C:/avr/bin/../lib/gcc/avr/15.2.0/avr5\libgcc.a(_negsi2.o)
 .debug_line_str
                0x0000005c        0x0 C:/avr/bin/../lib/gcc/avr/15.2.0/avr5\libgcc.a(_exit.o)
                                 0x5c (size before relaxing)
 .debug_line_str
                0x0000005c        0x0 C:/avr/bin/../lib/gcc/avr/15.2.0/avr5\libgcc.a(_copy_data.o)
                                 0x5c (size before relaxing)
 .debug_line_str
                0x0000005c        0x0 C:/avr/bin/../lib/gcc/avr/15.2.0/avr5\libgcc.a(_clear_bss.o)
                                 0x5c (size before relaxing)
 .debug_line_str
                0x0000005c        0x0 C:/avr/bin/../lib/gcc/avr/15.2.0/avr5\libgcc.a(_prologue.o)
                                 0x5c (size before relaxing)
 .debug_line_str
                0x0000005c        0x0 C:/avr/bin/../lib/gcc/avr/15.2.0/avr5\libgcc.a(_epilogue.o)
                                 0x5c (size before relaxing)
 .debug_line_str
                0x0000005c        0x0 C:/avr/bin/../lib/gcc/avr/15.2.0/avr5\libgcc.a(_divmodsi4.o)
                                 0x5c (size before relaxing)
 .debug_line_str
                0x0000005c        0x0 C:/avr/bin/../lib/gcc/avr/15.2.0/avr5\libgcc.a(_muluhisi3.o)
                                 0x5c (size before relaxing)
 .debug_line_str
                0x0000005c        0x0 C:/avr/bin/../lib/gcc/avr/15.2.0/avr5\libgcc.a(_mulshisi3.o)
                                 0x5c (size before relaxing)
 .debug_line_str
                0x0000005c        0x0 C:/avr/bin/../lib/gcc/avr/15.2.0/avr5\libgcc.a(_umulhisi3.o)
                                 0x5c (size before relaxing)
 .debug_line_str
                0x0000005c        0x0 C:/avr/bin/../lib/gcc/avr/15.2.0/avr5\libgcc.a(_udivmodsi4.o)
                                 0x5c (size before relaxing)

.debug_loclists
 *(.debug_loclists)

.debug_macro
 *(.debug_macro)

.debug_names
 *(.debug_names)

.debug_rnglists
 *(.debug_rnglists)

.debug_str_offsets
 *(.debug_str_offsets)

.debug_sup
 *(.debug_sup)
OUTPUT(exefile.elf elf32-avr)
LOAD linker stubs
